36 obs_ids to embed  (mapping=minnaert_center -> fang_embeddings_f_minnaert_center)
minnaert k = 0.580 (fit from 63 frames, incidence via frame_incidence.csv)
minnaert_center stretch: I/F 0.8400..1.1170 (pooled p0.5–p99.5, 73 crops)
  ESP_017355_2260: 13457 tiles, 13457 valid (100%)
  ESP_042964_2160: 2564 tiles, 2564 valid (100%)
  ESP_045139_2270: 6293 tiles, 6293 valid (100%)
  ESP_045390_2215: 2538 tiles, 2538 valid (100%)
  ESP_045550_2180: 3019 tiles, 3019 valid (100%)
  ESP_045878_2235: 7313 tiles, 7313 valid (100%)
  ESP_045983_2270: 2468 tiles, 2468 valid (100%)
  ESP_046328_2180: 1869 tiles, 1869 valid (100%)
  ESP_046959_2225: 4156 tiles, 4156 valid (100%)
  ESP_047976_2020: 3259 tiles, 3259 valid (100%)
  ESP_048688_2085: 1370 tiles, 1370 valid (100%)
  ESP_049242_2115: 2420 tiles, 2420 valid (100%)
  ESP_051943_2270: 2711 tiles, 2711 valid (100%)
  ESP_052576_2250: 4755 tiles, 4755 valid (100%)
  ESP_053989_2260: 2761 tiles, 2761 valid (100%)
  ESP_054000_2255: 3535 tiles, 3535 valid (100%)
  ESP_054134_2265: 3611 tiles, 3611 valid (100%)
  ESP_054397_2105: 6086 tiles, 6086 valid (100%)
  ESP_054622_2240: 5099 tiles, 5099 valid (100%)
  ESP_055017_2055: 3079 tiles, 3079 valid (100%)
  ESP_055055_2255: 4397 tiles, 4397 valid (100%)
  ESP_055253_2245: 2596 tiles, 2596 valid (100%)
  ESP_055690_2200: 4916 tiles, 4916 valid (100%)
  ESP_055978_2270: 5487 tiles, 5487 valid (100%)
  ESP_059421_2170: 4570 tiles, 4570 valid (100%)
  ESP_059686_2235: 4355 tiles, 4355 valid (100%)
  ESP_063429_2240: 2102 tiles, 2102 valid (100%)
  ESP_064510_2260: 4503 tiles, 4503 valid (100%)
  ESP_068402_2240: 5936 tiles, 5936 valid (100%)
  ESP_068483_2280: 5297 tiles, 5297 valid (100%)
  ESP_069669_2220: 4428 tiles, 4428 valid (100%)
  ESP_069763_2235: 4309 tiles, 4309 valid (100%)
  ESP_071699_2260: 3012 tiles, 3012 valid (100%)
  ESP_076499_1160: 6607 tiles, 6607 valid (100%)
  ESP_076565_2215: 2449 tiles, 2449 valid (100%)
  ESP_076723_2265: 6336 tiles, 6336 valid (100%)

embedded: 36  failed/skipped: 0
store: C:\Users\brian\Documents\PhD\HiRiseToCTXBoulders\hirise2ctx\dataset_v2\fang_embeddings_f_minnaert_center

next: conda run -n geospatial python scripts/f_leg_b_loio.py --f-store fang_embeddings_f_minnaert_center
